{
  "functions": [
    {
      "docstring": "A function",
      "name": "test_function",
      "args": "x, y = 10",
      "parents": "test/"
    }
  ],
  "docstring": "This is some documentation.",
  "name": "test",
  "classes": [
    {
      "functions": [
        {
          "docstring": "Docstring in the wrong place. Can we find it?",
          "name": "__init__",
          "args": "self, parent = 7, test = 'something', *, somethingelse = 'nada'",
          "parents": "test/TestClass/"
        },
        {
          "docstring": "This is just a test function.",
          "name": "subfunction_in_class",
          "args": "self, s1, s2, s3 = 'something'",
          "parents": "test/TestClass/"
        }
      ],
      "args": "self, parent = 7, test = 'something', *, somethingelse = 'nada'",
      "parents": "test/",
      "docstring": "",
      "classes": [],
      "name": "TestClass"
    }
  ]
}